[0m[32mTask[0m [0m[36mbuild[0m tsc -b && vite build
vite v8.1.5 building client environment for production...
[2Ktransforming...✓ 2351 modules transformed.
rendering chunks...
computing gzip size...
dist/export-cli.html                                      1.94 kB │ gzip:   0.57 kB
dist/index.html                                           2.54 kB │ gzip:   0.83 kB
dist/assets/Assistant-SemiBold-SCI4bEL9.woff2            20.21 kB
dist/assets/Assistant-Regular-DVxZuzxb.woff2             20.23 kB
dist/assets/Assistant-Medium-DrcxCXg3.woff2              20.32 kB
dist/assets/Assistant-Bold-gm-uSS1B.woff2                20.38 kB
dist/assets/main-BgsA_T2U.css                           187.62 kB │ gzip:  29.16 kB
dist/assets/percentages-LWOC67ZH-CkU7fojl.js              0.09 kB │ gzip:   0.09 kB
dist/assets/image-6XY3GD3F-DhXcznL0.js                    0.10 kB │ gzip:   0.09 kB
dist/assets/array-BifhSqXX.js                             0.10 kB │ gzip:   0.11 kB
dist/assets/channel-uF0Hlavt.js                           0.11 kB │ gzip:   0.12 kB
dist/assets/pie-WAS4IAKB-hKIvAklj.js                      0.12 kB │ gzip:   0.12 kB
dist/assets/info-A6RAGUB7-D-Rg6JUN.js                     0.12 kB │ gzip:   0.13 kB
dist/assets/radar-RG4KPBEZ-znNmLflQ.js                    0.12 kB │ gzip:   0.13 kB
dist/assets/packet-AYTQ26CC-CTuDVT1l.js                   0.12 kB │ gzip:   0.13 kB
dist/assets/cynefin-OW5HDTMX-CVPxUP3o.js                  0.12 kB │ gzip:   0.13 kB
dist/assets/treemap-WGGIJYW6-BcfuZ8Jf.js                  0.12 kB │ gzip:   0.13 kB
dist/assets/wardley-WFR3VGLG-M4SNYgeF.js                  0.12 kB │ gzip:   0.13 kB
dist/assets/gitGraph-4MIJSDKK-DnzqjUZ8.js                 0.12 kB │ gzip:   0.13 kB
dist/assets/railroad-74A4TZTK-B4mnaNAW.js                 0.12 kB │ gzip:   0.13 kB
dist/assets/treeView-Q6P3EWNA-BWIPDCZv.js                 0.12 kB │ gzip:   0.13 kB
dist/assets/railroad-peg-WCYAUIDC-BNoPIdtK.js             0.13 kB │ gzip:   0.13 kB
dist/assets/architecture-7GRP2DOG-D_jntaTV.js             0.13 kB │ gzip:   0.13 kB
dist/assets/railroad-abnf-HS5TGJTU-CfsGG-fR.js            0.13 kB │ gzip:   0.13 kB
dist/assets/railroad-ebnf-LZEXJU2U-BmUL54vf.js            0.13 kB │ gzip:   0.13 kB
dist/assets/eventmodeling-NTZA5JFV-B1CPh3nL.js            0.13 kB │ gzip:   0.13 kB
dist/assets/init-D6jRqBbL.js                              0.14 kB │ gzip:   0.12 kB
dist/assets/chunk-Y2CYZVJY-DsF7k-Jl.js                    0.15 kB │ gzip:   0.14 kB
dist/assets/subset-shared.chunk-BLW3glBZ.js               0.17 kB │ gzip:   0.15 kB
dist/assets/chunk-2Q5K7J3B-C1jixKkw.js                    0.19 kB │ gzip:   0.16 kB
dist/assets/chunk-JWPE2WC7-DVXcaiue.js                    0.22 kB │ gzip:   0.17 kB
dist/assets/chunk-XXDRQBXY-Bq6zMMOx.js                    0.26 kB │ gzip:   0.22 kB
dist/assets/subset-worker.chunk-BDmhKmjT.js               0.35 kB │ gzip:   0.27 kB
dist/assets/chunk-5VM5RSS4-ZNzvKenW.js                    0.36 kB │ gzip:   0.27 kB
dist/assets/flowDiagram-HODETNUW-BkB4ZX8e.js              0.56 kB │ gzip:   0.31 kB
dist/assets/chunk-POPQ4Y6H-AllfhoaN.js                    0.57 kB │ gzip:   0.40 kB
dist/assets/infoDiagram-27XIBGKW-DEebfqu4.js              0.64 kB │ gzip:   0.42 kB
dist/assets/classDiagram-ZZMXUADV-BF8B_3zM.js             0.77 kB │ gzip:   0.45 kB
dist/assets/classDiagram-v2-VYDZK3BY-BF8B_3zM.js          0.77 kB │ gzip:   0.45 kB
dist/assets/stateDiagram-v2-MP3YSRHH-_Cr3wgoB.js          0.77 kB │ gzip:   0.45 kB
dist/assets/swimlanesDiagram-VR7AAH4N-bDFynICK.js         0.82 kB │ gzip:   0.48 kB
dist/assets/sizeCapture-INFHLROL-B0uUizjq.js              0.87 kB │ gzip:   0.51 kB
dist/assets/line-B5TJi9PK.js                              0.94 kB │ gzip:   0.47 kB
dist/assets/en-7ZVUCEYH-CX42wrWC.js                       0.98 kB │ gzip:   0.52 kB
dist/assets/rolldown-runtime-aKtaBQYM.js                  1.08 kB │ gzip:   0.62 kB
dist/assets/ordinal-CopWnP7w.js                           1.17 kB │ gzip:   0.57 kB
dist/assets/preload-helper-Czpn1I53.js                    1.19 kB │ gzip:   0.67 kB
dist/assets/chunk-GVQU2GXP-C6lvdnAb.js                    1.42 kB │ gzip:   0.79 kB
dist/assets/railroadDiagram-O6MQD6OU-COTsRju8.js          1.66 kB │ gzip:   0.77 kB
dist/assets/abnfDiagram-VCTEODGH-Dz8UhxZD.js              1.84 kB │ gzip:   0.89 kB
dist/assets/chunk-P2QGCYS3-mzLgWD8l.js                    1.94 kB │ gzip:   0.95 kB
dist/assets/chunk-F27PBJKO-BgieR18Q.js                    1.97 kB │ gzip:   0.88 kB
dist/assets/pegDiagram-XKGWAZYB-C_vTh_8l.js               2.00 kB │ gzip:   0.94 kB
dist/assets/ebnfDiagram-PWID7BFC-Da1X7vEY.js              2.06 kB │ gzip:   0.89 kB
dist/assets/dist-qx0Iv9vM.js                              2.17 kB │ gzip:   0.98 kB
dist/assets/path-BWPyau1x.js                              2.31 kB │ gzip:   0.99 kB
dist/assets/roundRect-D01gJrlt.js                         2.87 kB │ gzip:   0.99 kB
dist/assets/arc-DqK6O3qL.js                               3.47 kB │ gzip:   1.46 kB
dist/assets/exportCli-yMv0LSkP.js                         3.54 kB │ gzip:   1.49 kB
dist/assets/diagram-Z3DM3KII-DYLe3EJM.js                  4.27 kB │ gzip:   1.85 kB
dist/assets/defaultLocale-C8Fc0cco.js                     4.64 kB │ gzip:   2.12 kB
dist/assets/linear-DhAcoVP9.js                            5.52 kB │ gzip:   2.25 kB
dist/assets/chunk-PWAF6VOD-CeI7BVoq.js                    5.82 kB │ gzip:   2.68 kB
dist/assets/diagram-UQ7AKVKN-BsxKDyfN.js                  6.05 kB │ gzip:   2.56 kB
dist/assets/pieDiagram-E7YTZNPT-B6u-c27J.js               6.23 kB │ gzip:   2.60 kB
dist/assets/diagram-S7CK7UJ4-CzS326jW.js                  8.18 kB │ gzip:   3.65 kB
dist/assets/chunk-L3NEJ4N5-Beqoso6D.js                    9.71 kB │ gzip:   2.93 kB
dist/assets/cynefinDiagram-5FMLGOSQ-HUt5OH5j.js           9.90 kB │ gzip:   3.50 kB
dist/assets/stateDiagram-D77RDMKH-B8zDHtvL.js            10.63 kB │ gzip:   3.73 kB
dist/assets/diagram-VSXAHHWV-CXgWB-xp.js                 10.66 kB │ gzip:   4.12 kB
dist/assets/dagre-GXQ25YYZ-DkS-p5PD.js                   10.95 kB │ gzip:   4.16 kB
dist/assets/uz-UZ-TVKTZO2G-BhTEk5fX.js                   11.02 kB │ gzip:   3.97 kB
dist/assets/zh-HK-CDKPF5DC-CmLVQ6vT.js                   12.44 kB │ gzip:   5.22 kB
dist/assets/kaa-TC3VIB7V-DkvabHM-.js                     12.90 kB │ gzip:   5.00 kB
dist/assets/kk-KZ-P5H2X7YS-CwpnZLy9.js                   13.46 kB │ gzip:   5.31 kB
dist/assets/da-DK-NNDP2IVP-xcH8Sok6.js                   13.47 kB │ gzip:   5.36 kB
dist/assets/az-AZ-V5EUQD6C-DMIbckQm.js                   13.90 kB │ gzip:   5.61 kB
dist/assets/chunk-SVP7TREG-BHNVrD4G.js                   15.63 kB │ gzip:   4.34 kB
dist/assets/lt-LT-V3XDOK3P-aONdCpaC.js                   15.72 kB │ gzip:   6.47 kB
dist/assets/diagram-VX7I27RA-CC4ImGsf.js                 15.73 kB │ gzip:   5.51 kB
dist/assets/mermaid-parser.core-CHfO7_QP.js              16.59 kB │ gzip:   3.93 kB
dist/assets/ishikawaDiagram-5VMMS53U-B63JM4Tf.js         17.32 kB │ gzip:   6.52 kB
dist/assets/nn-NO-CFKD7ABE-BgUxIIyB.js                   17.99 kB │ gzip:   7.40 kB
dist/assets/my-MM-XYKWHRK6-uEa-fo-X.js                   19.74 kB │ gzip:   6.20 kB
dist/assets/kanban-definition-UXKFOSKX-CFLWj-YM.js       20.29 kB │ gzip:   7.16 kB
dist/assets/kab-KAB-UOUDSQKM-DAg8-fuh.js                 20.53 kB │ gzip:   8.25 kB
dist/assets/lv-LV-DVQ3FADO-CjB2ohRG.js                   20.73 kB │ gzip:   8.38 kB
dist/assets/fi-FI-REAEF6HQ-DMfU7bF_.js                   20.89 kB │ gzip:   8.49 kB
dist/assets/hu-HU-OWADXDQ3-Crk16Hj1.js                   21.30 kB │ gzip:   8.73 kB
dist/assets/gl-ES-KHCSOGVH-DjKqv6ov.js                   21.67 kB │ gzip:   8.56 kB
dist/assets/sankeyDiagram-P5KCCOFB-DdcNmvu4.js           22.82 kB │ gzip:   8.26 kB
dist/assets/cs-CZ-VUCGPRML-DgnOOb8u.js                   23.10 kB │ gzip:   9.68 kB
dist/assets/journeyDiagram-3NMN7TZE-D7fhliG4.js          23.20 kB │ gzip:   8.17 kB
dist/assets/mindmap-definition-YA3MSWOX-CtUu91x4.js      23.47 kB │ gzip:   7.97 kB
dist/assets/graphlib-DS17s2tU.js                         23.90 kB │ gzip:   8.31 kB
dist/assets/nb-NO-UNO2GGZJ-Grksokar.js                   24.38 kB │ gzip:   9.66 kB
dist/assets/oc-FR-YBJTCJ3J-IdaB4o0U.js                   24.44 kB │ gzip:   9.35 kB
dist/assets/bn-BD-U4SYNFCO-BmccaA6S.js                   24.84 kB │ gzip:   7.57 kB
dist/assets/bn-IN-HKDJIITE-BmccaA6S.js                   24.84 kB │ gzip:   7.57 kB
dist/assets/vi-VN-7FKFXJNO-Chonn8J5.js                   25.04 kB │ gzip:   9.48 kB
dist/assets/wardleyDiagram-VM6X3IG4-CPoYeAKZ.js          25.21 kB │ gzip:   6.55 kB
dist/assets/zh-CN-AOKVLNNK-BGFS12Id.js                   25.84 kB │ gzip:  11.30 kB
dist/assets/ca-ES-2KGUU5XB-BYwiWEy5.js                   26.16 kB │ gzip:  10.13 kB
dist/assets/zh-TW-ZVGYESGW-8pYq8IkS.js                   26.44 kB │ gzip:  11.70 kB
dist/assets/th-TH-WLSZUSBX-BanT4mSW.js                   26.66 kB │ gzip:   8.01 kB
dist/assets/bg-BG-EXASCMTR-CE-971F_.js                   26.91 kB │ gzip:   9.24 kB
dist/assets/rough.esm-CSKSodPl.js                        27.10 kB │ gzip:   8.85 kB
dist/assets/si-LK-7CBLD6QQ-C1yLboU2.js                   28.12 kB │ gzip:   7.83 kB
dist/assets/pl-PL-BSY6YFZ3-DyCRRXPf.js                   28.20 kB │ gzip:  11.09 kB
dist/assets/id-ID-2WY7E4VX-CmXWnFSH.js                   28.86 kB │ gzip:  10.77 kB
dist/assets/nl-NL-76EFHT4P-DlIVI7tL.js                   28.88 kB │ gzip:  10.97 kB
dist/assets/eu-ES-SO5DEEAN-Cydyv5z4.js                   28.91 kB │ gzip:  10.88 kB
dist/assets/gitGraphDiagram-WWUBYQGX-Dxir68yW.js         29.02 kB │ gzip:   8.57 kB
dist/assets/pa-IN-SNOXSMRV-BH9Dt27O.js                   29.31 kB │ gzip:   8.82 kB
dist/assets/sv-SE-O3OFCY3J-WIQIoCU5.js                   29.43 kB │ gzip:  11.24 kB
dist/assets/ko-KR-ZTMANIDF-CTJz11nu.js                   29.44 kB │ gzip:  11.05 kB
dist/assets/sl-SI-QY5KCFGA-BEx7nxoE.js                   29.49 kB │ gzip:  11.47 kB
dist/assets/ku-TR-GPJTRB5G-DOOm0OmN.js                   29.82 kB │ gzip:   9.84 kB
dist/assets/tr-TR-GUFYG22B-CU8BMLqE.js                   29.94 kB │ gzip:  11.39 kB
dist/assets/sk-SK-SWR6DKBI-Ce4eeryT.js                   30.09 kB │ gzip:  11.72 kB
dist/assets/pt-BR-CZDV62R3-BDIarOBu.js                   30.26 kB │ gzip:  11.21 kB
dist/assets/es-ES-JEUOREKJ-5StfhbL_.js                   30.40 kB │ gzip:  11.40 kB
dist/assets/timeline-definition-24CTP7MA-DKTsGASO.js     30.42 kB │ gzip:   9.95 kB
dist/assets/erDiagram-RLTQ6QDP-DhCSeTvx.js               30.71 kB │ gzip:  10.57 kB
dist/assets/it-IT-INVHSAJF-CRfuu6iv.js                   30.82 kB │ gzip:  11.50 kB
dist/assets/de-CH-I7RAVIZN-Cr4FqK-r.js                   30.85 kB │ gzip:  11.39 kB
dist/assets/de-DE-WBQ3DQLR-Cr4FqK-r.js                   30.85 kB │ gzip:  11.39 kB
dist/assets/chunk-75Z2AOVW-sVofJ3g3.js                   30.87 kB │ gzip:   8.52 kB
dist/assets/requirementDiagram-BXWQKSXE-Cs3OuU2w.js      31.02 kB │ gzip:   9.77 kB
dist/assets/pt-PT-JO57XJJW-BFaOpg1O.js                   31.14 kB │ gzip:  11.38 kB
dist/assets/pica-D0pwGKw7.js                             31.82 kB │ gzip:  12.47 kB
dist/assets/ro-RO-UZ5ICYYN-BPsKIpt0.js                   31.83 kB │ gzip:  11.70 kB
dist/assets/fr-FR-SUCL7J6B-BpfBvDDG.js                   32.40 kB │ gzip:  11.70 kB
dist/assets/ar-SA-5WIASEJP-MnlJnXsd.js                   32.47 kB │ gzip:  11.08 kB
dist/assets/quadrantDiagram-AXDQQJYC-BleLkTPg.js         33.54 kB │ gzip:   9.74 kB
dist/assets/fa-IR-I4JNTJHK-BTgUzu8O.js                   33.65 kB │ gzip:  11.28 kB
dist/assets/ja-JP-JBNTKYP4-xC1doSiV.js                   33.71 kB │ gzip:  11.79 kB
dist/assets/he-IL-JYXVXV2Q-DrgqxnZm.js                   35.54 kB │ gzip:  12.09 kB
dist/assets/km-KH-IHMV2US7-Bq-O6f09.js                   36.19 kB │ gzip:   9.78 kB
dist/assets/chunk-OSK3NFVY-COnh4Y_O.js                   36.46 kB │ gzip:   7.95 kB
dist/assets/dagre-CNOzUhxk.js                            36.85 kB │ gzip:  13.22 kB
dist/assets/chunk-IMKFNOWR-T-doo_es.js                   37.70 kB │ gzip:  12.28 kB
dist/assets/el-GR-TYQHVGXW-DO9NiyVl.js                   38.70 kB │ gzip:  12.07 kB
dist/assets/uk-UA-K6SV5NFQ-eyFfdg97.js                   40.23 kB │ gzip:  12.72 kB
dist/assets/vennDiagram-4TSXK5OY-D2M9695x.js             41.18 kB │ gzip:  15.11 kB
dist/assets/blockDiagram-I7D4REHJ-Dxh2-2zV.js            41.46 kB │ gzip:  13.34 kB
dist/assets/xychartDiagram-S5SC5T6Z-Ds06tTMp.js          44.18 kB │ gzip:  12.23 kB
dist/assets/ru-RU-AN7JPREC-oCIyvteC.js                   44.41 kB │ gzip:  13.31 kB
dist/assets/image-blob-reduce.esm-DLFdRAwc.js            45.44 kB │ gzip:  16.30 kB
dist/assets/ta-IN-V6NHHU6Z-BcdHDH15.js                   45.56 kB │ gzip:  10.81 kB
dist/assets/src-UMNXGZaF.js                              45.73 kB │ gzip:  16.03 kB
dist/assets/mr-IN-VZ6HH5FE-BAi1DPzA.js                   46.80 kB │ gzip:  12.22 kB
dist/assets/hi-IN-BU52H3BO-CteY26Uj.js                   47.31 kB │ gzip:  12.22 kB
dist/assets/chunk-TICWLB2K-CujfNIir.js                   48.83 kB │ gzip:  15.75 kB
dist/assets/chunk-GMAD6QVW-CSmKOXOH.js                   51.88 kB │ gzip:  16.69 kB
dist/assets/chunk-SHT3W25Y-D1A6nQwJ.js                   61.23 kB │ gzip:  19.85 kB
dist/assets/c4Diagram-7LVT6UL2-CatyuwgK.js               64.75 kB │ gzip:  18.54 kB
dist/assets/ganttDiagram-EL5Y4UJY-DAiiQpQY.js            69.43 kB │ gzip:  22.76 kB
dist/assets/cose-bilkent-JH36ORCC-D060KJCn.js            81.44 kB │ gzip:  21.59 kB
dist/assets/chunk-4HAMMTFA-C98_LZZ4.js                  104.85 kB │ gzip:  25.62 kB
dist/assets/swimlanes-42K2YHIH-CFopJXY9.js              111.15 kB │ gzip:  38.01 kB
dist/assets/sequenceDiagram-WJ2MYXX4-CLpcLR3n.js        115.84 kB │ gzip:  30.58 kB
dist/assets/architectureDiagram-5GKGNRK7-jEs8e2up.js    149.32 kB │ gzip:  41.20 kB
dist/assets/main-D0fc_M00.js                            200.48 kB │ gzip:  62.64 kB
dist/assets/chunk-DU6HZSFF-BmdhmLMZ.js                  236.90 kB │ gzip:  38.69 kB
dist/assets/katex-B7rAX3Vi.js                           258.87 kB │ gzip:  77.46 kB
dist/assets/CodeMirrorEditor-UCMRAMCV-DMCZsfkS.js       295.73 kB │ gzip:  95.86 kB
dist/assets/cytoscape.esm-Dc0DhzmI.js                   435.43 kB │ gzip: 137.93 kB
dist/assets/chunk-FOHPRMQF-CdD2_EOh.js                  662.70 kB │ gzip: 143.23 kB
dist/assets/prod-wX46XlNv.js                          1,708.72 kB │ gzip: 542.39 kB
dist/assets/chunk-Z5NKEFVG-Dm-Arz73.js                1,821.03 kB │ gzip: 744.52 kB

✓ built in 865ms
warning: unused import: `std::sync::Arc`
 --> src/cli_export.rs:8:5
  |
8 | use std::sync::Arc;
  |     ^^^^^^^^^^^^^^
  |
  = note: `#[warn(unused_imports)]` on by default

warning: unused import: `ExportBBox`
 --> src/export/mod.rs:9:42
  |
9 | pub use selectors::{resolve_export_jobs, ExportBBox, ExportSelectorInput};
  |                                          ^^^^^^^^^^

warning: unused import: `PathBuf`
 --> src/scene.rs:3:23
  |
3 | use std::path::{Path, PathBuf};
  |                       ^^^^^^^

warning: unused import: `Manager`
 --> src/cli_export.rs:9:13
  |
9 | use tauri::{Manager, WebviewUrl, WebviewWindowBuilder};
  |             ^^^^^^^

warning: variable does not need to be mutable
   --> src/export/cli_args.rs:171:9
    |
171 |     let mut document_path = resolve_open_path(document_raw, cwd);
    |         ----^^^^^^^^^^^^^
    |         |
    |         help: remove this `mut`
    |
    = note: `#[warn(unused_mut)]` on by default

warning: unused variable: `app`
   --> src/menu.rs:148:26
    |
148 | pub fn handle_menu_click(app: &AppHandle, state: &Arc<AppState>, id: &str) {
    |                          ^^^ help: if this is intentional, prefix it with an underscore: `_app`
    |
    = note: `#[warn(unused_variables)]` on by default

warning: struct `CliExportJobState` is never constructed
  --> src/app_state.rs:26:12
   |
26 | pub struct CliExportJobState {
   |            ^^^^^^^^^^^^^^^^^
   |
   = note: `#[warn(dead_code)]` on by default

warning: function `sanitize_filename_part` is never used
  --> src/export/png_paths.rs:12:4
   |
12 | fn sanitize_filename_part(part: &str) -> String {
   |    ^^^^^^^^^^^^^^^^^^^^^^

warning: function `drawing_base_name_from_path` is never used
  --> src/export/png_paths.rs:42:8
   |
42 | pub fn drawing_base_name_from_path(document_path: &Path) -> String {
   |        ^^^^^^^^^^^^^^^^^^^^^^^^^^^

Created /workspace/dist/tauri-linux/excalidraw-offline-tauri-0.7.2-linux-x86_64.tar.xz (5681560 bytes)
-rw-r--r-- 1 ubuntu ubuntu 5.5M Oct 10 20:45 /workspace/dist/tauri-linux/excalidraw-offline-tauri-0.7.2-linux-x86_64.tar.xz
-rw-r--r-- 1 ubuntu ubuntu 5.5M Oct 10 20:45 /workspace/dist/tauri-linux/excalidraw-offline-tauri/payload.tar.xz
